2026-05-23 15:29:09,893 [INFO] Obdobie: 20080101 → 20081015  (súbory: *_20080101-20081015_*.csv)
2026-05-23 15:29:09,893 [INFO]   → output/relevant_20080101-20081015_001.csv
2026-05-23 15:29:09,893 [INFO]   → output/skipped_20080101-20081015_001.csv
2026-05-23 15:29:09,893 [INFO] Sťahujem CDX a triedim...
2026-05-23 15:30:28,448 [WARNING]   Retry 1: 504 Server Error: Gateway Time-out for url: http://web.archive.org/cdx/search/cdx?url=press.sk/*&output=json&fl=original,timestamp,statuscode&filter=statuscode:200&from=20080101&to=20081015&limit=5000&offset=5000 — čakám 60s
2026-05-23 15:34:04,498 [WARNING]   Retry 1: 504 Server Error: Gateway Time-out for url: http://web.archive.org/cdx/search/cdx?url=press.sk/*&output=json&fl=original,timestamp,statuscode&filter=statuscode:200&from=20080101&to=20081015&limit=5000&offset=25000 — čakám 60s
2026-05-23 15:36:04,565 [WARNING]   Retry 2: 504 Server Error: Gateway Time-out for url: http://web.archive.org/cdx/search/cdx?url=press.sk/*&output=json&fl=original,timestamp,statuscode&filter=statuscode:200&from=20080101&to=20081015&limit=5000&offset=25000 — čakám 120s
2026-05-23 15:41:36,793 [INFO] CDX offset=45,000 | rel=500 skp=49,500
2026-05-23 15:44:51,076 [WARNING]   Retry 1: 504 Server Error: Gateway Time-out for url: http://web.archive.org/cdx/search/cdx?url=press.sk/*&output=json&fl=original,timestamp,statuscode&filter=statuscode:200&from=20080101&to=20081015&limit=5000&offset=75000 — čakám 60s
2026-05-23 15:46:51,156 [WARNING]   Retry 2: 504 Server Error: Gateway Time-out for url: http://web.archive.org/cdx/search/cdx?url=press.sk/*&output=json&fl=original,timestamp,statuscode&filter=statuscode:200&from=20080101&to=20081015&limit=5000&offset=75000 — čakám 120s
2026-05-23 15:50:41,413 [WARNING]   Retry 1: 504 Server Error: Gateway Time-out for url: http://web.archive.org/cdx/search/cdx?url=press.sk/*&output=json&fl=original,timestamp,statuscode&filter=statuscode:200&from=20080101&to=20081015&limit=5000&offset=80000 — čakám 60s
2026-05-23 15:53:07,009 [INFO] CDX offset=95,000 | rel=1,000 skp=99,000
2026-05-23 15:54:56,036 [WARNING]   Retry 1: 504 Server Error: Gateway Time-out for url: http://web.archive.org/cdx/search/cdx?url=press.sk/*&output=json&fl=original,timestamp,statuscode&filter=statuscode:200&from=20080101&to=20081015&limit=5000&offset=105000 — čakám 60s
2026-05-23 15:59:32,684 [INFO] CDX offset=145,000 | rel=1,500 skp=148,500
2026-05-23 16:02:48,802 [INFO] CDX offset=195,000 | rel=2,000 skp=198,000
2026-05-23 16:03:39,479 [WARNING]   Prázdna odpoveď pri offset=200000, preskakujem
2026-05-23 16:07:01,109 [INFO] CDX offset=250,000 | rel=2,500 skp=247,500
2026-05-23 16:09:02,690 [INFO] CDX offset=300,000 | rel=3,000 skp=297,000
2026-05-23 16:11:59,418 [WARNING]   Retry 1: 504 Server Error: Gateway Time-out for url: http://web.archive.org/cdx/search/cdx?url=press.sk/*&output=json&fl=original,timestamp,statuscode&filter=statuscode:200&from=20080101&to=20081015&limit=5000&offset=335000 — čakám 60s
2026-05-23 16:13:47,283 [INFO] CDX offset=350,000 | rel=3,500 skp=346,500
2026-05-23 16:16:46,437 [INFO] CDX offset=400,000 | rel=4,000 skp=396,000
2026-05-23 16:17:51,496 [WARNING]   Retry 1: 504 Server Error: Gateway Time-out for url: http://web.archive.org/cdx/search/cdx?url=press.sk/*&output=json&fl=original,timestamp,statuscode&filter=statuscode:200&from=20080101&to=20081015&limit=5000&offset=405000 — čakám 60s
2026-05-23 16:19:02,857 [INFO]   → output/skipped_20080101-20081015_002.csv
2026-05-23 16:21:18,680 [INFO] CDX offset=450,000 | rel=4,500 skp=445,500
2026-05-23 16:22:23,741 [WARNING]   Retry 1: 504 Server Error: Gateway Time-out for url: http://web.archive.org/cdx/search/cdx?url=press.sk/*&output=json&fl=original,timestamp,statuscode&filter=statuscode:200&from=20080101&to=20081015&limit=5000&offset=455000 — čakám 60s
2026-05-23 16:27:25,485 [INFO] CDX offset=500,000 | rel=5,000 skp=495,000
2026-05-23 16:31:45,053 [INFO] CDX offset=550,000 | rel=5,500 skp=544,500
2026-05-23 16:34:43,546 [INFO] CDX offset=600,000 | rel=6,000 skp=594,000
2026-05-23 16:36:58,342 [INFO] CDX offset=650,000 | rel=6,500 skp=643,500
2026-05-23 16:39:31,007 [INFO] CDX offset=700,000 | rel=7,000 skp=693,000
2026-05-23 16:42:32,555 [INFO] CDX offset=750,000 | rel=7,500 skp=742,500
2026-05-23 16:45:32,766 [INFO] CDX offset=800,000 | rel=8,000 skp=792,000
2026-05-23 16:45:56,817 [INFO]   → output/skipped_20080101-20081015_003.csv
2026-05-23 16:47:29,639 [INFO] CDX offset=850,000 | rel=8,500 skp=841,500
2026-05-23 16:49:57,252 [INFO] CDX offset=900,000 | rel=9,000 skp=891,000
2026-05-23 16:51:02,321 [WARNING]   Retry 1: 504 Server Error: Gateway Time-out for url: http://web.archive.org/cdx/search/cdx?url=press.sk/*&output=json&fl=original,timestamp,statuscode&filter=statuscode:200&from=20080101&to=20081015&limit=5000&offset=905000 — čakám 60s
2026-05-23 16:53:57,327 [WARNING]   Retry 1: 504 Server Error: Gateway Time-out for url: http://web.archive.org/cdx/search/cdx?url=press.sk/*&output=json&fl=original,timestamp,statuscode&filter=statuscode:200&from=20080101&to=20081015&limit=5000&offset=925000 — čakám 60s
2026-05-23 16:56:39,305 [INFO] CDX offset=950,000 | rel=9,500 skp=940,500
2026-05-23 16:58:38,096 [INFO] CDX offset=1,000,000 | rel=10,000 skp=990,000
2026-05-23 17:01:35,812 [INFO] CDX offset=1,050,000 | rel=10,500 skp=1,039,500
2026-05-23 17:05:02,617 [INFO] CDX offset=1,100,000 | rel=11,000 skp=1,089,000
2026-05-23 17:07:27,009 [INFO] CDX offset=1,150,000 | rel=11,500 skp=1,138,500
2026-05-23 17:10:05,805 [INFO] CDX offset=1,200,000 | rel=12,000 skp=1,188,000
2026-05-23 17:10:53,002 [INFO]   → output/skipped_20080101-20081015_004.csv
2026-05-23 17:12:14,019 [INFO] CDX offset=1,250,000 | rel=12,500 skp=1,237,500
2026-05-23 17:15:09,113 [INFO] CDX offset=1,300,000 | rel=13,000 skp=1,287,000
2026-05-23 17:16:40,676 [WARNING]   Retry 1: 504 Server Error: Gateway Time-out for url: http://web.archive.org/cdx/search/cdx?url=press.sk/*&output=json&fl=original,timestamp,statuscode&filter=statuscode:200&from=20080101&to=20081015&limit=5000&offset=1315000 — čakám 60s
2026-05-23 17:19:19,662 [INFO] CDX offset=1,350,000 | rel=13,500 skp=1,336,500
2026-05-23 17:21:59,055 [INFO] CDX offset=1,400,000 | rel=14,000 skp=1,386,000
2026-05-23 17:23:32,034 [INFO] CDX offset=1,450,000 | rel=14,500 skp=1,435,500
2026-05-23 17:25:38,925 [INFO] CDX offset=1,500,000 | rel=15,000 skp=1,485,000
2026-05-23 17:27:56,779 [WARNING]   Retry 1: 504 Server Error: Gateway Time-out for url: http://web.archive.org/cdx/search/cdx?url=press.sk/*&output=json&fl=original,timestamp,statuscode&filter=statuscode:200&from=20080101&to=20081015&limit=5000&offset=1530000 — čakám 60s
2026-05-23 17:29:55,301 [INFO] CDX offset=1,550,000 | rel=15,500 skp=1,534,500
2026-05-23 17:32:38,282 [INFO] CDX offset=1,600,000 | rel=16,000 skp=1,584,000
2026-05-23 17:33:16,999 [INFO]   → output/skipped_20080101-20081015_005.csv
2026-05-23 17:35:07,699 [INFO] CDX offset=1,650,000 | rel=16,500 skp=1,633,500
2026-05-23 17:37:19,748 [INFO] CDX offset=1,700,000 | rel=17,000 skp=1,683,000
2026-05-23 17:39:23,623 [INFO] CDX offset=1,750,000 | rel=17,500 skp=1,732,500
2026-05-23 17:41:29,644 [INFO] CDX offset=1,800,000 | rel=18,000 skp=1,782,000
2026-05-23 17:43:50,207 [INFO] CDX offset=1,850,000 | rel=18,500 skp=1,831,500
2026-05-23 17:45:51,325 [INFO] CDX offset=1,900,000 | rel=19,000 skp=1,881,000
2026-05-23 17:47:26,577 [INFO] CDX offset=1,950,000 | rel=19,500 skp=1,930,500
2026-05-23 17:51:35,571 [WARNING]   Retry 1: 504 Server Error: Gateway Time-out for url: http://web.archive.org/cdx/search/cdx?url=press.sk/*&output=json&fl=original,timestamp,statuscode&filter=statuscode:200&from=20080101&to=20081015&limit=5000&offset=2000000 — čakám 60s
2026-05-23 17:52:57,521 [INFO] CDX offset=2,000,000 | rel=20,000 skp=1,980,000
2026-05-23 17:53:33,960 [INFO]   → output/skipped_20080101-20081015_006.csv
2026-05-23 17:54:34,612 [INFO] CDX offset=2,050,000 | rel=20,500 skp=2,029,500
2026-05-23 17:57:20,315 [INFO] CDX offset=2,100,000 | rel=21,000 skp=2,079,000
2026-05-23 17:59:52,457 [INFO] CDX offset=2,150,000 | rel=21,500 skp=2,128,500
2026-05-23 18:02:24,267 [INFO] CDX offset=2,200,000 | rel=22,000 skp=2,178,000
2026-05-23 18:04:27,919 [INFO] CDX offset=2,250,000 | rel=22,500 skp=2,227,500
2026-05-23 18:07:06,902 [INFO] CDX offset=2,300,000 | rel=23,000 skp=2,277,000
2026-05-23 18:08:38,770 [INFO] CDX offset=2,350,000 | rel=23,500 skp=2,326,500
2026-05-23 18:10:52,648 [INFO] CDX offset=2,400,000 | rel=24,000 skp=2,376,000
2026-05-23 18:12:21,642 [INFO]   → output/skipped_20080101-20081015_007.csv
2026-05-23 18:13:20,226 [INFO] CDX offset=2,450,000 | rel=24,500 skp=2,425,500
2026-05-23 18:16:08,378 [INFO] CDX offset=2,500,000 | rel=25,000 skp=2,475,000
2026-05-23 18:18:11,006 [INFO] CDX offset=2,550,000 | rel=25,500 skp=2,524,500
2026-05-23 18:20:30,132 [INFO] CDX offset=2,600,000 | rel=26,000 skp=2,574,000
2026-05-23 18:23:52,574 [INFO] CDX offset=2,650,000 | rel=26,500 skp=2,623,500
2026-05-23 18:27:47,577 [WARNING]   Retry 1: 504 Server Error: Gateway Time-out for url: http://web.archive.org/cdx/search/cdx?url=press.sk/*&output=json&fl=original,timestamp,statuscode&filter=statuscode:200&from=20080101&to=20081015&limit=5000&offset=2695000 — čakám 60s
2026-05-23 18:29:14,961 [INFO] CDX offset=2,700,000 | rel=27,000 skp=2,673,000
2026-05-23 18:32:09,051 [INFO] CDX offset=2,750,000 | rel=27,500 skp=2,722,500
2026-05-23 18:34:00,054 [INFO] CDX offset=2,800,000 | rel=28,000 skp=2,772,000
2026-05-23 18:36:15,428 [INFO]   → output/skipped_20080101-20081015_008.csv
2026-05-23 18:37:31,802 [INFO] CDX offset=2,850,000 | rel=28,500 skp=2,821,500
2026-05-23 18:41:06,011 [INFO] CDX offset=2,900,000 | rel=29,000 skp=2,871,000
2026-05-23 18:43:57,973 [INFO] CDX offset=2,950,000 | rel=29,500 skp=2,920,500
2026-05-23 18:46:30,771 [INFO] CDX offset=3,000,000 | rel=30,000 skp=2,970,000
2026-05-23 18:49:28,871 [INFO] CDX offset=3,050,000 | rel=30,500 skp=3,019,500
2026-05-23 18:51:30,767 [INFO] CDX offset=3,100,000 | rel=31,000 skp=3,069,000
2026-05-23 18:54:23,167 [INFO] CDX offset=3,150,000 | rel=31,500 skp=3,118,500
2026-05-23 18:55:54,524 [INFO] CDX offset=3,200,000 | rel=32,000 skp=3,168,000
2026-05-23 18:57:28,522 [INFO]   → output/skipped_20080101-20081015_009.csv
2026-05-23 18:58:05,180 [INFO] CDX offset=3,250,000 | rel=32,500 skp=3,217,500
2026-05-23 19:00:44,058 [INFO] CDX offset=3,300,000 | rel=33,000 skp=3,267,000
2026-05-23 19:04:22,822 [INFO] CDX offset=3,350,000 | rel=33,500 skp=3,316,500
2026-05-23 19:06:36,755 [INFO] CDX offset=3,400,000 | rel=34,000 skp=3,366,000
2026-05-23 19:09:22,888 [INFO] CDX offset=3,450,000 | rel=34,500 skp=3,415,500
2026-05-23 19:12:31,247 [INFO] CDX offset=3,500,000 | rel=35,000 skp=3,465,000
2026-05-23 19:14:54,450 [INFO] CDX offset=3,550,000 | rel=35,500 skp=3,514,500
2026-05-23 19:18:22,252 [INFO] CDX offset=3,600,000 | rel=36,000 skp=3,564,000
2026-05-23 19:20:50,497 [INFO]   → output/skipped_20080101-20081015_010.csv
2026-05-23 19:21:11,047 [INFO] CDX offset=3,650,000 | rel=36,500 skp=3,613,500
2026-05-23 19:22:28,261 [WARNING]   Retry 1: 504 Server Error: Gateway Time-out for url: http://web.archive.org/cdx/search/cdx?url=press.sk/*&output=json&fl=original,timestamp,statuscode&filter=statuscode:200&from=20080101&to=20081015&limit=5000&offset=3665000 — čakám 60s
2026-05-23 19:25:53,943 [INFO] CDX offset=3,700,000 | rel=37,000 skp=3,663,000
2026-05-23 19:27:54,861 [INFO] CDX offset=3,750,000 | rel=37,500 skp=3,712,500
2026-05-23 19:30:27,981 [INFO] CDX offset=3,800,000 | rel=38,000 skp=3,762,000
2026-05-23 19:32:03,172 [INFO] CDX offset=3,850,000 | rel=38,500 skp=3,811,500
2026-05-23 19:34:27,638 [INFO] CDX offset=3,900,000 | rel=39,000 skp=3,861,000
2026-05-23 19:35:55,618 [INFO] CDX offset=3,950,000 | rel=39,500 skp=3,910,500
2026-05-23 19:38:01,564 [INFO] CDX offset=4,000,000 | rel=40,000 skp=3,960,000
2026-05-23 19:39:34,321 [INFO]   → output/skipped_20080101-20081015_011.csv
2026-05-23 19:39:48,021 [INFO] CDX offset=4,050,000 | rel=40,500 skp=4,009,500
2026-05-23 19:42:37,547 [INFO] CDX offset=4,100,000 | rel=41,000 skp=4,059,000
2026-05-23 19:45:00,474 [INFO] CDX offset=4,150,000 | rel=41,500 skp=4,108,500
2026-05-23 19:47:01,132 [INFO] CDX offset=4,200,000 | rel=42,000 skp=4,158,000
2026-05-23 19:49:30,111 [INFO] CDX offset=4,250,000 | rel=42,500 skp=4,207,500
2026-05-23 19:52:28,577 [INFO] CDX offset=4,300,000 | rel=43,000 skp=4,257,000
2026-05-23 19:54:50,647 [INFO] CDX offset=4,350,000 | rel=43,500 skp=4,306,500
2026-05-23 19:56:59,519 [INFO] CDX offset=4,400,000 | rel=44,000 skp=4,356,000
2026-05-23 19:59:07,632 [INFO]   → output/skipped_20080101-20081015_012.csv
2026-05-23 19:59:17,916 [INFO] CDX offset=4,450,000 | rel=44,500 skp=4,405,500
2026-05-23 20:03:00,704 [WARNING]   Retry 1: 504 Server Error: Gateway Time-out for url: http://web.archive.org/cdx/search/cdx?url=press.sk/*&output=json&fl=original,timestamp,statuscode&filter=statuscode:200&from=20080101&to=20081015&limit=5000&offset=4495000 — čakám 60s
2026-05-23 20:04:37,656 [INFO] CDX offset=4,500,000 | rel=45,000 skp=4,455,000
2026-05-23 20:07:11,545 [INFO] CDX offset=4,550,000 | rel=45,500 skp=4,504,500
2026-05-23 20:09:45,172 [INFO] CDX offset=4,600,000 | rel=46,000 skp=4,554,000
2026-05-23 20:12:04,168 [INFO] CDX offset=4,650,000 | rel=46,500 skp=4,603,500
2026-05-23 20:13:56,826 [INFO] CDX offset=4,700,000 | rel=47,000 skp=4,653,000
2026-05-23 20:16:11,920 [INFO] CDX offset=4,750,000 | rel=47,500 skp=4,702,500
2026-05-23 20:18:03,754 [INFO] CDX offset=4,800,000 | rel=48,000 skp=4,752,000
2026-05-23 20:20:12,355 [INFO]   → output/skipped_20080101-20081015_013.csv
2026-05-23 20:20:12,410 [INFO] CDX offset=4,850,000 | rel=48,500 skp=4,801,500
2026-05-23 20:22:46,780 [INFO] CDX offset=4,900,000 | rel=49,000 skp=4,851,000
2026-05-23 20:25:04,372 [INFO] CDX offset=4,950,000 | rel=49,500 skp=4,900,500
2026-05-23 20:27:03,966 [INFO] CDX offset=5,000,000 | rel=50,000 skp=4,950,000
2026-05-23 20:28:52,020 [INFO] CDX offset=5,050,000 | rel=50,500 skp=4,999,500
2026-05-23 20:31:30,007 [INFO] CDX offset=5,100,000 | rel=51,000 skp=5,049,000
2026-05-23 20:33:29,063 [INFO] CDX offset=5,150,000 | rel=51,500 skp=5,098,500
2026-05-23 20:34:34,124 [WARNING]   Retry 1: 504 Server Error: Gateway Time-out for url: http://web.archive.org/cdx/search/cdx?url=press.sk/*&output=json&fl=original,timestamp,statuscode&filter=statuscode:200&from=20080101&to=20081015&limit=5000&offset=5155000 — čakám 60s
2026-05-23 20:37:32,338 [INFO] CDX offset=5,200,000 | rel=52,000 skp=5,148,000
2026-05-23 20:39:10,003 [INFO] CDX offset=5,250,000 | rel=52,500 skp=5,197,500
2026-05-23 20:39:15,947 [INFO]   → output/skipped_20080101-20081015_014.csv
2026-05-23 20:41:26,787 [INFO] CDX offset=5,300,000 | rel=53,000 skp=5,247,000
2026-05-23 20:44:02,911 [INFO] CDX offset=5,350,000 | rel=53,500 skp=5,296,500
2026-05-23 20:46:19,800 [WARNING]   Retry 1: 504 Server Error: Gateway Time-out for url: http://web.archive.org/cdx/search/cdx?url=press.sk/*&output=json&fl=original,timestamp,statuscode&filter=statuscode:200&from=20080101&to=20081015&limit=5000&offset=5390000 — čakám 60s
2026-05-23 20:47:58,065 [INFO] CDX offset=5,400,000 | rel=54,000 skp=5,346,000
2026-05-23 20:50:15,633 [INFO] CDX offset=5,450,000 | rel=54,500 skp=5,395,500
2026-05-23 20:52:17,666 [INFO] CDX offset=5,500,000 | rel=55,000 skp=5,445,000
2026-05-23 20:54:10,261 [WARNING]   Retry 1: 504 Server Error: Gateway Time-out for url: http://web.archive.org/cdx/search/cdx?url=press.sk/*&output=json&fl=original,timestamp,statuscode&filter=statuscode:200&from=20080101&to=20081015&limit=5000&offset=5515000 — čakám 60s
2026-05-23 20:57:57,528 [INFO] CDX offset=5,550,000 | rel=55,500 skp=5,494,500
2026-05-23 20:59:41,556 [INFO] CDX offset=5,600,000 | rel=56,000 skp=5,544,000
2026-05-23 21:01:12,633 [INFO] CDX offset=5,650,000 | rel=56,500 skp=5,593,500
2026-05-23 21:01:38,647 [INFO]   → output/skipped_20080101-20081015_015.csv
2026-05-23 21:03:36,906 [INFO] CDX offset=5,700,000 | rel=57,000 skp=5,643,000
2026-05-23 21:05:50,110 [INFO] CDX offset=5,750,000 | rel=57,500 skp=5,692,500
2026-05-23 21:07:23,346 [INFO] CDX offset=5,800,000 | rel=58,000 skp=5,742,000
2026-05-23 21:09:56,680 [INFO] CDX offset=5,850,000 | rel=58,500 skp=5,791,500
2026-05-23 21:11:24,229 [INFO] CDX offset=5,900,000 | rel=59,000 skp=5,841,000
2026-05-23 21:14:54,380 [INFO] CDX offset=5,950,000 | rel=59,500 skp=5,890,500
2026-05-23 21:17:31,516 [INFO] CDX offset=6,000,000 | rel=60,000 skp=5,940,000
2026-05-23 21:19:32,223 [INFO] CDX offset=6,050,000 | rel=60,500 skp=5,989,500
2026-05-23 21:20:18,870 [INFO]   → output/skipped_20080101-20081015_016.csv
2026-05-23 21:22:16,204 [INFO] CDX offset=6,100,000 | rel=61,000 skp=6,039,000
2026-05-23 21:24:36,937 [INFO] CDX offset=6,150,000 | rel=61,500 skp=6,088,500
2026-05-23 21:27:27,376 [INFO] CDX offset=6,200,000 | rel=62,000 skp=6,138,000
