2026-05-23 06:57:03,151 [INFO] Obdobie: 20080101 → 20081031  (súbory: *_20080101-20081031_*.csv)
2026-05-23 06:57:03,151 [INFO]   → output/relevant_20080101-20081031_001.csv
2026-05-23 06:57:03,151 [INFO]   → output/skipped_20080101-20081031_001.csv
2026-05-23 06:57:03,151 [INFO] Sťahujem CDX a triedim...
2026-05-23 07:01:25,220 [INFO] CDX offset=45,000 | rel=870 skp=49,130
2026-05-23 07:03:09,585 [INFO] CDX offset=95,000 | rel=1,740 skp=98,260
2026-05-23 07:04:39,055 [INFO] CDX offset=145,000 | rel=2,610 skp=147,390
2026-05-23 07:07:31,638 [INFO] CDX offset=195,000 | rel=3,480 skp=196,520
2026-05-23 07:09:13,057 [INFO] CDX offset=245,000 | rel=4,350 skp=245,650
2026-05-23 07:11:26,959 [INFO] CDX offset=295,000 | rel=5,220 skp=294,780
2026-05-23 07:13:37,943 [INFO] CDX offset=345,000 | rel=6,090 skp=343,910
2026-05-23 07:15:40,315 [INFO] CDX offset=395,000 | rel=6,960 skp=393,040
2026-05-23 07:17:59,997 [INFO] CDX offset=445,000 | rel=7,830 skp=442,170
2026-05-23 07:19:00,868 [INFO]   → output/skipped_20080101-20081031_002.csv
2026-05-23 07:21:51,710 [INFO] CDX offset=495,000 | rel=8,700 skp=491,300
2026-05-23 07:23:48,146 [INFO] CDX offset=545,000 | rel=9,570 skp=540,430
2026-05-23 07:25:58,135 [INFO] CDX offset=595,000 | rel=10,440 skp=589,560
2026-05-23 07:27:56,744 [INFO] CDX offset=645,000 | rel=11,310 skp=638,690
2026-05-23 07:30:31,118 [INFO] CDX offset=695,000 | rel=12,180 skp=687,820
2026-05-23 07:33:43,861 [INFO] CDX offset=745,000 | rel=13,050 skp=736,950
2026-05-23 07:35:53,877 [INFO] CDX offset=795,000 | rel=13,920 skp=786,080
2026-05-23 07:38:22,568 [INFO] CDX offset=845,000 | rel=14,790 skp=835,210
2026-05-23 07:41:20,548 [WARNING]   Retry 1: 504 Server Error: Gateway Time-out for url: http://web.archive.org/cdx/search/cdx?url=press.sk/*&output=json&fl=original,timestamp,statuscode&filter=statuscode:200&from=20080101&to=20081031&limit=5000&offset=895000 — čakám 60s
2026-05-23 07:42:45,148 [INFO] CDX offset=895,000 | rel=15,660 skp=884,340
2026-05-23 07:43:41,769 [INFO]   → output/skipped_20080101-20081031_003.csv
2026-05-23 07:44:53,760 [INFO] CDX offset=945,000 | rel=16,530 skp=933,470
2026-05-23 07:46:35,419 [INFO] CDX offset=995,000 | rel=17,400 skp=982,600
2026-05-23 07:48:17,545 [INFO] CDX offset=1,045,000 | rel=18,270 skp=1,031,730
2026-05-23 07:50:28,438 [INFO] CDX offset=1,095,000 | rel=19,140 skp=1,080,860
2026-05-23 07:52:17,829 [INFO] CDX offset=1,145,000 | rel=20,010 skp=1,129,990
2026-05-23 07:54:40,209 [INFO] CDX offset=1,195,000 | rel=20,880 skp=1,179,120
2026-05-23 07:57:00,452 [INFO] CDX offset=1,245,000 | rel=21,750 skp=1,228,250
2026-05-23 07:59:06,891 [INFO] CDX offset=1,295,000 | rel=22,620 skp=1,277,380
2026-05-23 08:01:11,282 [INFO] CDX offset=1,345,000 | rel=23,490 skp=1,326,510
2026-05-23 08:02:30,076 [INFO]   → output/skipped_20080101-20081031_004.csv
2026-05-23 08:04:12,553 [INFO] CDX offset=1,395,000 | rel=24,360 skp=1,375,640
2026-05-23 08:06:07,866 [INFO] CDX offset=1,445,000 | rel=25,230 skp=1,424,770
2026-05-23 08:09:02,129 [INFO] CDX offset=1,495,000 | rel=26,100 skp=1,473,900
2026-05-23 08:11:39,786 [INFO] CDX offset=1,545,000 | rel=26,970 skp=1,523,030
2026-05-23 08:14:25,614 [WARNING]   Retry 1: 503 Server Error: Service Unavailable for url: http://web.archive.org/cdx/search/cdx?url=press.sk/*&output=json&fl=original,timestamp,statuscode&filter=statuscode:200&from=20080101&to=20081031&limit=5000&offset=1590000 — čakám 60s
2026-05-23 08:15:52,029 [INFO] CDX offset=1,595,000 | rel=27,840 skp=1,572,160
2026-05-23 08:16:02,049 [WARNING]   Retry 1: 503 Server Error: Service Unavailable for url: http://web.archive.org/cdx/search/cdx?url=press.sk/*&output=json&fl=original,timestamp,statuscode&filter=statuscode:200&from=20080101&to=20081031&limit=5000&offset=1600000 — čakám 60s
2026-05-23 08:18:02,061 [WARNING]   Retry 2: 504 Server Error: Gateway Time-out for url: http://web.archive.org/cdx/search/cdx?url=press.sk/*&output=json&fl=original,timestamp,statuscode&filter=statuscode:200&from=20080101&to=20081031&limit=5000&offset=1600000 — čakám 120s
2026-05-23 08:22:09,030 [WARNING]   Retry 1: 503 Server Error: Service Unavailable for url: http://web.archive.org/cdx/search/cdx?url=press.sk/*&output=json&fl=original,timestamp,statuscode&filter=statuscode:200&from=20080101&to=20081031&limit=5000&offset=1620000 — čakám 60s
2026-05-23 08:27:01,241 [INFO] CDX offset=1,645,000 | rel=28,710 skp=1,621,290
2026-05-23 08:28:13,984 [WARNING]   Retry 1: 503 Server Error: Service Unavailable for url: http://web.archive.org/cdx/search/cdx?url=press.sk/*&output=json&fl=original,timestamp,statuscode&filter=statuscode:200&from=20080101&to=20081031&limit=5000&offset=1660000 — čakám 60s
2026-05-23 08:29:35,478 [WARNING]   Retry 1: 503 Server Error: Service Unavailable for url: http://web.archive.org/cdx/search/cdx?url=press.sk/*&output=json&fl=original,timestamp,statuscode&filter=statuscode:200&from=20080101&to=20081031&limit=5000&offset=1665000 — čakám 60s
2026-05-23 08:31:36,237 [WARNING]   Retry 1: 503 Server Error: Service Unavailable for url: http://web.archive.org/cdx/search/cdx?url=press.sk/*&output=json&fl=original,timestamp,statuscode&filter=statuscode:200&from=20080101&to=20081031&limit=5000&offset=1680000 — čakám 60s
2026-05-23 08:33:55,699 [INFO] CDX offset=1,695,000 | rel=29,580 skp=1,670,420
2026-05-23 08:37:23,905 [WARNING]   Retry 1: 503 Server Error: Service Unavailable for url: http://web.archive.org/cdx/search/cdx?url=press.sk/*&output=json&fl=original,timestamp,statuscode&filter=statuscode:200&from=20080101&to=20081031&limit=5000&offset=1740000 — čakám 60s
2026-05-23 08:39:07,880 [INFO] CDX offset=1,745,000 | rel=30,450 skp=1,719,550
2026-05-23 08:40:29,322 [WARNING]   Retry 1: 504 Server Error: Gateway Time-out for url: http://web.archive.org/cdx/search/cdx?url=press.sk/*&output=json&fl=original,timestamp,statuscode&filter=statuscode:200&from=20080101&to=20081031&limit=5000&offset=1755000 — čakám 60s
2026-05-23 08:45:09,714 [WARNING]   Retry 1: 504 Server Error: Gateway Time-out for url: http://web.archive.org/cdx/search/cdx?url=press.sk/*&output=json&fl=original,timestamp,statuscode&filter=statuscode:200&from=20080101&to=20081031&limit=5000&offset=1785000 — čakám 60s
2026-05-23 08:47:16,771 [WARNING]   Retry 1: 503 Server Error: Service Unavailable for url: http://web.archive.org/cdx/search/cdx?url=press.sk/*&output=json&fl=original,timestamp,statuscode&filter=statuscode:200&from=20080101&to=20081031&limit=5000&offset=1795000 — čakám 60s
2026-05-23 08:48:19,417 [INFO] CDX offset=1,795,000 | rel=31,320 skp=1,768,680
2026-05-23 08:52:10,444 [INFO]   → output/skipped_20080101-20081031_005.csv
2026-05-23 08:54:01,064 [INFO] CDX offset=1,845,000 | rel=32,190 skp=1,817,810
2026-05-23 08:56:24,866 [WARNING]   Retry 1: 504 Server Error: Gateway Time-out for url: http://web.archive.org/cdx/search/cdx?url=press.sk/*&output=json&fl=original,timestamp,statuscode&filter=statuscode:200&from=20080101&to=20081031&limit=5000&offset=1880000 — čakám 60s
2026-05-23 08:58:16,168 [INFO] CDX offset=1,895,000 | rel=33,060 skp=1,866,940
2026-05-23 09:00:08,140 [INFO] CDX offset=1,945,000 | rel=33,930 skp=1,916,070
2026-05-23 09:01:56,255 [WARNING]   Retry 1: 504 Server Error: Gateway Time-out for url: http://web.archive.org/cdx/search/cdx?url=press.sk/*&output=json&fl=original,timestamp,statuscode&filter=statuscode:200&from=20080101&to=20081031&limit=5000&offset=1965000 — čakám 60s
2026-05-23 09:04:48,048 [INFO] CDX offset=1,995,000 | rel=34,800 skp=1,965,200
2026-05-23 09:05:59,958 [WARNING]   Retry 1: 504 Server Error: Gateway Time-out for url: http://web.archive.org/cdx/search/cdx?url=press.sk/*&output=json&fl=original,timestamp,statuscode&filter=statuscode:200&from=20080101&to=20081031&limit=5000&offset=2005000 — čakám 60s
2026-05-23 09:09:02,149 [INFO] CDX offset=2,045,000 | rel=35,670 skp=2,014,330
2026-05-23 09:11:16,024 [INFO] CDX offset=2,095,000 | rel=36,540 skp=2,063,460
2026-05-23 09:13:11,290 [INFO] CDX offset=2,145,000 | rel=37,410 skp=2,112,590
2026-05-23 09:15:26,564 [INFO] CDX offset=2,195,000 | rel=38,280 skp=2,161,720
2026-05-23 09:18:42,757 [INFO] CDX offset=2,245,000 | rel=39,150 skp=2,210,850
2026-05-23 09:21:50,525 [WARNING]   Retry 1: 504 Server Error: Gateway Time-out for url: http://web.archive.org/cdx/search/cdx?url=press.sk/*&output=json&fl=original,timestamp,statuscode&filter=statuscode:200&from=20080101&to=20081031&limit=5000&offset=2285000 — čakám 60s
2026-05-23 09:22:54,204 [INFO]   → output/skipped_20080101-20081031_006.csv
2026-05-23 09:23:07,778 [INFO] CDX offset=2,295,000 | rel=40,020 skp=2,259,980
2026-05-23 09:26:24,347 [INFO] CDX offset=2,345,000 | rel=40,890 skp=2,309,110
2026-05-23 09:28:52,552 [INFO] CDX offset=2,395,000 | rel=41,760 skp=2,358,240
2026-05-23 09:31:39,224 [INFO] CDX offset=2,445,000 | rel=42,630 skp=2,407,370
2026-05-23 09:35:06,379 [INFO] CDX offset=2,495,000 | rel=43,500 skp=2,456,500
2026-05-23 09:36:55,051 [INFO] CDX offset=2,545,000 | rel=44,370 skp=2,505,630
2026-05-23 09:39:56,598 [INFO] CDX offset=2,595,000 | rel=45,240 skp=2,554,760
2026-05-23 09:42:48,484 [INFO] CDX offset=2,645,000 | rel=46,110 skp=2,603,890
2026-05-23 09:46:30,668 [WARNING]   Retry 1: 504 Server Error: Gateway Time-out for url: http://web.archive.org/cdx/search/cdx?url=press.sk/*&output=json&fl=original,timestamp,statuscode&filter=statuscode:200&from=20080101&to=20081031&limit=5000&offset=2690000 — čakám 60s
2026-05-23 09:47:51,947 [INFO] CDX offset=2,695,000 | rel=46,980 skp=2,653,020
2026-05-23 09:50:51,518 [INFO]   → output/skipped_20080101-20081031_007.csv
2026-05-23 09:50:51,599 [INFO] CDX offset=2,745,000 | rel=47,850 skp=2,702,150
2026-05-23 09:53:04,002 [INFO] CDX offset=2,795,000 | rel=48,720 skp=2,751,280
2026-05-23 09:56:55,482 [INFO] CDX offset=2,845,000 | rel=49,590 skp=2,800,410
2026-05-23 09:59:03,538 [INFO] CDX offset=2,895,000 | rel=50,460 skp=2,849,540
2026-05-23 10:01:09,743 [INFO] CDX offset=2,945,000 | rel=51,330 skp=2,898,670
2026-05-23 10:04:03,204 [INFO] CDX offset=2,995,000 | rel=52,200 skp=2,947,800
2026-05-23 10:06:25,444 [INFO] CDX offset=3,045,000 | rel=53,070 skp=2,996,930
2026-05-23 10:08:52,026 [INFO] CDX offset=3,095,000 | rel=53,940 skp=3,046,060
2026-05-23 10:12:01,315 [INFO] CDX offset=3,145,000 | rel=54,810 skp=3,095,190
2026-05-23 10:15:26,548 [INFO] CDX offset=3,195,000 | rel=55,680 skp=3,144,320
2026-05-23 10:15:44,504 [INFO]   → output/skipped_20080101-20081031_008.csv
2026-05-23 10:17:41,108 [INFO] CDX offset=3,245,000 | rel=56,550 skp=3,193,450
2026-05-23 10:20:59,427 [INFO] CDX offset=3,295,000 | rel=57,420 skp=3,242,580
2026-05-23 10:22:52,482 [INFO] CDX offset=3,345,000 | rel=58,290 skp=3,291,710
2026-05-23 10:25:35,402 [INFO] CDX offset=3,395,000 | rel=59,160 skp=3,340,840
2026-05-23 10:29:03,153 [INFO] CDX offset=3,445,000 | rel=60,030 skp=3,389,970
2026-05-23 10:32:11,981 [INFO] CDX offset=3,495,000 | rel=60,900 skp=3,439,100
2026-05-23 10:34:45,457 [INFO] CDX offset=3,545,000 | rel=61,770 skp=3,488,230
2026-05-23 10:36:54,000 [INFO] CDX offset=3,595,000 | rel=62,640 skp=3,537,360
2026-05-23 10:40:22,062 [WARNING]   Retry 1: 504 Server Error: Gateway Time-out for url: http://web.archive.org/cdx/search/cdx?url=press.sk/*&output=json&fl=original,timestamp,statuscode&filter=statuscode:200&from=20080101&to=20081031&limit=5000&offset=3630000 — čakám 60s
2026-05-23 10:41:52,727 [INFO] CDX offset=3,645,000 | rel=63,510 skp=3,586,490
2026-05-23 10:43:22,190 [WARNING]   Retry 1: 504 Server Error: Gateway Time-out for url: http://web.archive.org/cdx/search/cdx?url=press.sk/*&output=json&fl=original,timestamp,statuscode&filter=statuscode:200&from=20080101&to=20081031&limit=5000&offset=3655000 — čakám 60s
2026-05-23 10:44:48,808 [INFO]   → output/skipped_20080101-20081031_009.csv
2026-05-23 10:47:13,406 [INFO] CDX offset=3,695,000 | rel=64,380 skp=3,635,620
2026-05-23 10:50:10,558 [INFO] CDX offset=3,745,000 | rel=65,250 skp=3,684,750
2026-05-23 10:53:13,242 [INFO] CDX offset=3,795,000 | rel=66,120 skp=3,733,880
2026-05-23 10:55:21,513 [INFO] CDX offset=3,845,000 | rel=66,990 skp=3,783,010
2026-05-23 10:56:44,041 [WARNING]   Retry 1: 504 Server Error: Gateway Time-out for url: http://web.archive.org/cdx/search/cdx?url=press.sk/*&output=json&fl=original,timestamp,statuscode&filter=statuscode:200&from=20080101&to=20081031&limit=5000&offset=3855000 — čakám 60s
2026-05-23 10:59:20,187 [WARNING]   Retry 1: 504 Server Error: Gateway Time-out for url: http://web.archive.org/cdx/search/cdx?url=press.sk/*&output=json&fl=original,timestamp,statuscode&filter=statuscode:200&from=20080101&to=20081031&limit=5000&offset=3865000 — čakám 60s
2026-05-23 11:02:23,767 [INFO] CDX offset=3,895,000 | rel=67,860 skp=3,832,140
2026-05-23 11:05:49,873 [INFO] CDX offset=3,945,000 | rel=68,730 skp=3,881,270
2026-05-23 11:08:28,524 [INFO] CDX offset=3,995,000 | rel=69,600 skp=3,930,400
2026-05-23 11:11:43,975 [INFO] CDX offset=4,045,000 | rel=70,470 skp=3,979,530
2026-05-23 11:14:22,785 [INFO] CDX offset=4,095,000 | rel=71,340 skp=4,028,660
2026-05-23 11:16:49,813 [INFO]   → output/skipped_20080101-20081031_010.csv
2026-05-23 11:18:04,273 [INFO] CDX offset=4,145,000 | rel=72,210 skp=4,077,790
2026-05-23 11:20:45,275 [INFO] CDX offset=4,195,000 | rel=73,080 skp=4,126,920
2026-05-23 11:23:13,565 [INFO] CDX offset=4,245,000 | rel=73,950 skp=4,176,050
2026-05-23 11:26:44,287 [INFO] CDX offset=4,295,000 | rel=74,820 skp=4,225,180
2026-05-23 11:29:08,669 [INFO] CDX offset=4,345,000 | rel=75,690 skp=4,274,310
2026-05-23 11:31:55,262 [INFO] CDX offset=4,395,000 | rel=76,560 skp=4,323,440
2026-05-23 11:33:51,821 [INFO] CDX offset=4,445,000 | rel=77,430 skp=4,372,570
2026-05-23 11:35:14,433 [WARNING]   Retry 1: 504 Server Error: Gateway Time-out for url: http://web.archive.org/cdx/search/cdx?url=press.sk/*&output=json&fl=original,timestamp,statuscode&filter=statuscode:200&from=20080101&to=20081031&limit=5000&offset=4460000 — čakám 60s
2026-05-23 11:37:09,705 [INFO] CDX offset=4,495,000 | rel=78,300 skp=4,421,700
2026-05-23 11:39:27,337 [INFO] CDX offset=4,545,000 | rel=79,170 skp=4,470,830
2026-05-23 11:40:16,132 [INFO]   → output/skipped_20080101-20081031_011.csv
2026-05-23 11:40:57,081 [INFO] CDX offset=4,595,000 | rel=80,040 skp=4,519,960
2026-05-23 11:42:08,310 [INFO] CDX offset=4,645,000 | rel=80,910 skp=4,569,090
2026-05-23 11:44:15,025 [INFO] CDX offset=4,695,000 | rel=81,780 skp=4,618,220
2026-05-23 11:46:32,980 [INFO] CDX offset=4,745,000 | rel=82,650 skp=4,667,350
2026-05-23 11:48:36,338 [INFO] CDX offset=4,795,000 | rel=83,520 skp=4,716,480
2026-05-23 11:50:36,649 [INFO] CDX offset=4,845,000 | rel=84,390 skp=4,765,610
2026-05-23 11:52:22,207 [INFO] CDX offset=4,895,000 | rel=85,260 skp=4,814,740
2026-05-23 11:54:59,374 [INFO] CDX offset=4,945,000 | rel=86,130 skp=4,863,870
2026-05-23 11:57:42,477 [INFO] CDX offset=4,995,000 | rel=87,000 skp=4,913,000
2026-05-23 11:59:27,825 [INFO]   → output/skipped_20080101-20081031_012.csv
2026-05-23 11:59:46,058 [INFO] CDX offset=5,045,000 | rel=87,870 skp=4,962,130
2026-05-23 12:02:38,973 [INFO] CDX offset=5,095,000 | rel=88,740 skp=5,011,260
2026-05-23 12:05:06,891 [WARNING]   Retry 1: 504 Server Error: Gateway Time-out for url: http://web.archive.org/cdx/search/cdx?url=press.sk/*&output=json&fl=original,timestamp,statuscode&filter=statuscode:200&from=20080101&to=20081031&limit=5000&offset=5120000 — čakám 60s
2026-05-23 12:07:11,477 [INFO] CDX offset=5,145,000 | rel=89,610 skp=5,060,390
2026-05-23 12:10:08,370 [INFO] CDX offset=5,195,000 | rel=90,480 skp=5,109,520
2026-05-23 12:13:15,147 [WARNING]   Retry 1: 504 Server Error: Gateway Time-out for url: http://web.archive.org/cdx/search/cdx?url=press.sk/*&output=json&fl=original,timestamp,statuscode&filter=statuscode:200&from=20080101&to=20081031&limit=5000&offset=5245000 — čakám 60s
2026-05-23 12:14:18,239 [INFO] CDX offset=5,245,000 | rel=91,350 skp=5,158,650
2026-05-23 12:16:36,971 [INFO] CDX offset=5,295,000 | rel=92,220 skp=5,207,780
2026-05-23 12:18:31,975 [INFO] CDX offset=5,345,000 | rel=93,090 skp=5,256,910
2026-05-23 12:19:43,787 [WARNING]   Retry 1: 504 Server Error: Gateway Time-out for url: http://web.archive.org/cdx/search/cdx?url=press.sk/*&output=json&fl=original,timestamp,statuscode&filter=statuscode:200&from=20080101&to=20081031&limit=5000&offset=5355000 — čakám 60s
2026-05-23 12:23:32,712 [INFO] CDX offset=5,395,000 | rel=93,960 skp=5,306,040
2026-05-23 12:26:11,266 [WARNING]   Retry 1: 504 Server Error: Gateway Time-out for url: http://web.archive.org/cdx/search/cdx?url=press.sk/*&output=json&fl=original,timestamp,statuscode&filter=statuscode:200&from=20080101&to=20081031&limit=5000&offset=5420000 — čakám 60s
2026-05-23 12:28:23,517 [INFO] CDX offset=5,445,000 | rel=94,830 skp=5,355,170
2026-05-23 12:31:32,527 [INFO]   → output/skipped_20080101-20081031_013.csv
2026-05-23 12:31:32,693 [INFO] CDX offset=5,495,000 | rel=95,700 skp=5,404,300
2026-05-23 12:33:47,200 [INFO] CDX offset=5,545,000 | rel=96,570 skp=5,453,430
2026-05-23 12:35:21,091 [INFO] CDX offset=5,595,000 | rel=97,440 skp=5,502,560
2026-05-23 12:38:58,686 [INFO] CDX offset=5,645,000 | rel=98,310 skp=5,551,690
2026-05-23 12:41:41,012 [INFO] CDX offset=5,695,000 | rel=99,180 skp=5,600,820
2026-05-23 12:43:44,961 [INFO] CDX offset=5,745,000 | rel=100,050 skp=5,649,950
2026-05-23 12:45:56,910 [INFO] CDX offset=5,795,000 | rel=100,920 skp=5,699,080
2026-05-23 12:48:16,157 [INFO] CDX offset=5,845,000 | rel=101,790 skp=5,748,210
2026-05-23 12:50:56,433 [INFO] CDX offset=5,895,000 | rel=102,660 skp=5,797,340
2026-05-23 12:52:36,766 [INFO] CDX offset=5,945,000 | rel=103,530 skp=5,846,470
2026-05-23 12:52:44,231 [INFO]   → output/skipped_20080101-20081031_014.csv
2026-05-23 12:54:47,349 [INFO] CDX offset=5,995,000 | rel=104,400 skp=5,895,600
2026-05-23 12:56:21,462 [INFO] CDX offset=6,045,000 | rel=105,270 skp=5,944,730
