2026-05-22 06:22:09,458 [INFO] Obdobie: 20020101 → 20101231  (súbory: *_2002-2010_*.csv)
2026-05-22 06:22:09,458 [INFO]   → output/relevant_2002-2010_001.csv
2026-05-22 06:22:09,458 [INFO]   → output/skipped_2002-2010_001.csv
2026-05-22 06:22:09,458 [INFO] Sťahujem CDX a triedim...
2026-05-22 06:24:18,136 [INFO] CDX offset=45,000 | rel=11,030 skp=38,970
2026-05-22 06:26:46,368 [INFO] CDX offset=95,000 | rel=22,060 skp=77,940
2026-05-22 06:29:13,661 [INFO] CDX offset=145,000 | rel=33,090 skp=116,910
2026-05-22 06:31:09,706 [INFO] CDX offset=195,000 | rel=44,120 skp=155,880
2026-05-22 06:34:11,488 [INFO] CDX offset=245,000 | rel=55,150 skp=194,850
2026-05-22 06:36:26,387 [INFO] CDX offset=295,000 | rel=66,180 skp=233,820
2026-05-22 06:38:50,282 [INFO] CDX offset=345,000 | rel=77,210 skp=272,790
2026-05-22 06:40:29,487 [INFO] CDX offset=395,000 | rel=88,240 skp=311,760
2026-05-22 06:41:57,233 [INFO] CDX offset=445,000 | rel=99,270 skp=350,730
2026-05-22 06:43:58,169 [INFO] CDX offset=495,000 | rel=110,300 skp=389,700
2026-05-22 06:46:50,832 [INFO] CDX offset=545,000 | rel=121,330 skp=428,670
2026-05-22 06:49:16,930 [INFO] CDX offset=595,000 | rel=132,360 skp=467,640
2026-05-22 06:51:21,958 [INFO]   → output/skipped_2002-2010_002.csv
2026-05-22 06:51:40,274 [INFO] CDX offset=645,000 | rel=143,390 skp=506,610
2026-05-22 06:54:16,442 [INFO] CDX offset=695,000 | rel=154,420 skp=545,580
2026-05-22 06:56:47,446 [INFO] CDX offset=745,000 | rel=165,450 skp=584,550
2026-05-22 06:59:37,063 [INFO] CDX offset=795,000 | rel=176,480 skp=623,520
2026-05-22 07:01:08,256 [WARNING]   Retry 1: 504 Server Error: Gateway Time-out for url: http://web.archive.org/cdx/search/cdx?url=press.sk/*&output=json&fl=original,timestamp,statuscode&filter=statuscode:200&from=20020101&to=20101231&limit=5000&offset=815000 — čakám 60s
2026-05-22 07:03:47,681 [WARNING]   Retry 1: 504 Server Error: Gateway Time-out for url: http://web.archive.org/cdx/search/cdx?url=press.sk/*&output=json&fl=original,timestamp,statuscode&filter=statuscode:200&from=20020101&to=20101231&limit=5000&offset=840000 — čakám 60s
2026-05-22 07:05:13,690 [INFO] CDX offset=845,000 | rel=187,510 skp=662,490
2026-05-22 07:07:01,719 [INFO] CDX offset=895,000 | rel=198,540 skp=701,460
2026-05-22 07:10:18,337 [INFO] CDX offset=945,000 | rel=209,570 skp=740,430
2026-05-22 07:11:21,377 [WARNING]   Retry 1: 504 Server Error: Gateway Time-out for url: http://web.archive.org/cdx/search/cdx?url=press.sk/*&output=json&fl=original,timestamp,statuscode&filter=statuscode:200&from=20020101&to=20101231&limit=5000&offset=950000 — čakám 60s
2026-05-22 07:14:54,948 [INFO] CDX offset=995,000 | rel=220,600 skp=779,400
2026-05-22 07:16:48,880 [INFO] CDX offset=1,045,000 | rel=231,630 skp=818,370
2026-05-22 07:18:13,085 [INFO] CDX offset=1,095,000 | rel=242,660 skp=857,340
2026-05-22 07:20:47,605 [INFO] CDX offset=1,145,000 | rel=253,690 skp=896,310
2026-05-22 07:22:44,677 [INFO] CDX offset=1,195,000 | rel=264,720 skp=935,280
2026-05-22 07:26:51,576 [INFO] CDX offset=1,245,000 | rel=275,750 skp=974,250
2026-05-22 07:29:01,837 [INFO]   → output/skipped_2002-2010_003.csv
2026-05-22 07:29:41,011 [INFO] CDX offset=1,295,000 | rel=286,780 skp=1,013,220
2026-05-22 07:32:15,069 [INFO] CDX offset=1,345,000 | rel=297,810 skp=1,052,190
2026-05-22 07:33:44,640 [WARNING]   Retry 1: 504 Server Error: Gateway Time-out for url: http://web.archive.org/cdx/search/cdx?url=press.sk/*&output=json&fl=original,timestamp,statuscode&filter=statuscode:200&from=20020101&to=20101231&limit=5000&offset=1355000 — čakám 60s
2026-05-22 07:37:12,307 [INFO] CDX offset=1,395,000 | rel=308,840 skp=1,091,160
2026-05-22 07:38:45,008 [INFO] CDX offset=1,445,000 | rel=319,870 skp=1,130,130
2026-05-22 07:40:23,473 [INFO] CDX offset=1,495,000 | rel=330,900 skp=1,169,100
2026-05-22 07:41:29,509 [INFO] CDX offset=1,545,000 | rel=341,930 skp=1,208,070
2026-05-22 07:43:14,536 [INFO] CDX offset=1,595,000 | rel=352,960 skp=1,247,040
2026-05-22 07:45:31,794 [INFO] CDX offset=1,645,000 | rel=363,990 skp=1,286,010
2026-05-22 07:47:36,088 [INFO] CDX offset=1,695,000 | rel=375,020 skp=1,324,980
2026-05-22 07:48:46,691 [WARNING]   Retry 1: 504 Server Error: Gateway Time-out for url: http://web.archive.org/cdx/search/cdx?url=press.sk/*&output=json&fl=original,timestamp,statuscode&filter=statuscode:200&from=20020101&to=20101231&limit=5000&offset=1705000 — čakám 60s
2026-05-22 07:51:58,822 [INFO] CDX offset=1,745,000 | rel=386,050 skp=1,363,950
2026-05-22 07:53:02,428 [INFO] CDX offset=1,795,000 | rel=397,080 skp=1,402,920
2026-05-22 07:54:41,906 [INFO] CDX offset=1,845,000 | rel=408,110 skp=1,441,890
2026-05-22 07:56:30,631 [INFO] CDX offset=1,895,000 | rel=419,140 skp=1,480,860
2026-05-22 07:57:08,711 [INFO]   → output/skipped_2002-2010_004.csv
2026-05-22 07:59:19,223 [INFO] CDX offset=1,945,000 | rel=430,170 skp=1,519,830
2026-05-22 08:01:27,734 [INFO] CDX offset=1,995,000 | rel=441,200 skp=1,558,800
2026-05-22 08:02:48,867 [INFO] CDX offset=2,045,000 | rel=452,230 skp=1,597,770
2026-05-22 08:04:23,795 [INFO] CDX offset=2,095,000 | rel=463,260 skp=1,636,740
2026-05-22 08:06:19,178 [INFO] CDX offset=2,145,000 | rel=474,290 skp=1,675,710
2026-05-22 08:07:51,670 [INFO] CDX offset=2,195,000 | rel=485,320 skp=1,714,680
2026-05-22 08:10:18,010 [INFO] CDX offset=2,245,000 | rel=496,350 skp=1,753,650
2026-05-22 08:11:18,815 [INFO]   → output/relevant_2002-2010_002.csv
2026-05-22 08:12:14,970 [INFO] CDX offset=2,295,000 | rel=507,380 skp=1,792,620
2026-05-22 08:13:49,457 [INFO] CDX offset=2,345,000 | rel=518,410 skp=1,831,590
2026-05-22 08:15:21,501 [INFO] CDX offset=2,395,000 | rel=529,440 skp=1,870,560
2026-05-22 08:17:09,369 [INFO] CDX offset=2,445,000 | rel=540,470 skp=1,909,530
2026-05-22 08:18:46,400 [WARNING]   Retry 1: 504 Server Error: Gateway Time-out for url: http://web.archive.org/cdx/search/cdx?url=press.sk/*&output=json&fl=original,timestamp,statuscode&filter=statuscode:200&from=20020101&to=20101231&limit=5000&offset=2470000 — čakám 60s
2026-05-22 08:20:56,845 [INFO] CDX offset=2,495,000 | rel=551,500 skp=1,948,500
2026-05-22 08:22:38,708 [INFO] CDX offset=2,545,000 | rel=562,530 skp=1,987,470
2026-05-22 08:23:25,907 [INFO]   → output/skipped_2002-2010_005.csv
2026-05-22 08:24:29,894 [INFO] CDX offset=2,595,000 | rel=573,560 skp=2,026,440
2026-05-22 08:27:58,370 [INFO] CDX offset=2,645,000 | rel=584,590 skp=2,065,410
2026-05-22 08:29:26,021 [INFO] CDX offset=2,695,000 | rel=595,620 skp=2,104,380
2026-05-22 08:31:39,743 [WARNING]   Retry 1: 504 Server Error: Gateway Time-out for url: http://web.archive.org/cdx/search/cdx?url=press.sk/*&output=json&fl=original,timestamp,statuscode&filter=statuscode:200&from=20020101&to=20101231&limit=5000&offset=2735000 — čakám 60s
2026-05-22 08:33:57,107 [INFO] CDX offset=2,745,000 | rel=606,650 skp=2,143,350
2026-05-22 08:36:38,621 [INFO] CDX offset=2,795,000 | rel=617,680 skp=2,182,320
2026-05-22 08:38:55,721 [INFO] CDX offset=2,845,000 | rel=628,710 skp=2,221,290
2026-05-22 08:41:31,396 [WARNING]   Retry 1: 504 Server Error: Gateway Time-out for url: http://web.archive.org/cdx/search/cdx?url=press.sk/*&output=json&fl=original,timestamp,statuscode&filter=statuscode:200&from=20020101&to=20101231&limit=5000&offset=2865000 — čakám 60s
2026-05-22 08:43:25,621 [INFO] CDX offset=2,895,000 | rel=639,740 skp=2,260,260
2026-05-22 08:44:51,349 [INFO] CDX offset=2,945,000 | rel=650,770 skp=2,299,230
2026-05-22 08:46:26,489 [INFO] CDX offset=2,995,000 | rel=661,800 skp=2,338,200
2026-05-22 08:48:24,400 [INFO] CDX offset=3,045,000 | rel=672,830 skp=2,377,170
2026-05-22 08:50:22,367 [INFO] CDX offset=3,095,000 | rel=683,860 skp=2,416,140
2026-05-22 08:51:46,360 [INFO] CDX offset=3,145,000 | rel=694,890 skp=2,455,110
2026-05-22 08:53:10,077 [INFO] CDX offset=3,195,000 | rel=705,920 skp=2,494,080
2026-05-22 08:53:25,887 [INFO]   → output/skipped_2002-2010_006.csv
2026-05-22 08:54:38,445 [INFO] CDX offset=3,245,000 | rel=716,950 skp=2,533,050
2026-05-22 08:55:48,751 [INFO] CDX offset=3,295,000 | rel=727,980 skp=2,572,020
2026-05-22 08:57:02,408 [INFO] CDX offset=3,345,000 | rel=739,010 skp=2,610,990
2026-05-22 08:58:15,988 [INFO] CDX offset=3,395,000 | rel=750,040 skp=2,649,960
2026-05-22 08:59:20,978 [INFO] CDX offset=3,445,000 | rel=761,070 skp=2,688,930
2026-05-22 09:00:19,161 [INFO] CDX offset=3,495,000 | rel=772,688 skp=2,727,312
2026-05-22 09:01:42,865 [INFO] CDX offset=3,545,000 | rel=784,698 skp=2,765,302
2026-05-22 09:02:38,433 [INFO] CDX offset=3,595,000 | rel=796,708 skp=2,803,292
2026-05-22 09:03:26,474 [INFO] CDX offset=3,645,000 | rel=808,718 skp=2,841,282
2026-05-22 09:04:46,586 [INFO] CDX offset=3,695,000 | rel=820,728 skp=2,879,272
2026-05-22 09:06:19,295 [INFO] CDX offset=3,745,000 | rel=832,738 skp=2,917,262
2026-05-22 09:07:41,278 [INFO] CDX offset=3,795,000 | rel=844,748 skp=2,955,252
2026-05-22 09:09:40,516 [INFO] CDX offset=3,845,000 | rel=856,758 skp=2,993,242
2026-05-22 09:09:58,636 [INFO]   → output/skipped_2002-2010_007.csv
2026-05-22 09:11:35,644 [INFO] CDX offset=3,895,000 | rel=868,768 skp=3,031,232
2026-05-22 09:13:02,075 [WARNING]   Retry 1: 504 Server Error: Gateway Time-out for url: http://web.archive.org/cdx/search/cdx?url=press.sk/*&output=json&fl=original,timestamp,statuscode&filter=statuscode:200&from=20020101&to=20101231&limit=5000&offset=3910000 — čakám 60s
2026-05-22 09:16:21,025 [INFO] CDX offset=3,945,000 | rel=880,778 skp=3,069,222
2026-05-22 09:19:27,362 [INFO] CDX offset=3,995,000 | rel=892,788 skp=3,107,212
2026-05-22 09:20:58,261 [INFO] CDX offset=4,045,000 | rel=904,798 skp=3,145,202
2026-05-22 09:22:15,687 [INFO] CDX offset=4,095,000 | rel=916,808 skp=3,183,192
2026-05-22 09:23:47,311 [INFO] CDX offset=4,145,000 | rel=928,818 skp=3,221,182
2026-05-22 09:25:08,110 [INFO] CDX offset=4,195,000 | rel=940,828 skp=3,259,172
2026-05-22 09:27:02,191 [INFO] CDX offset=4,245,000 | rel=952,838 skp=3,297,162
2026-05-22 09:29:06,450 [INFO] CDX offset=4,295,000 | rel=964,848 skp=3,335,152
2026-05-22 09:31:20,345 [INFO] CDX offset=4,345,000 | rel=976,858 skp=3,373,142
2026-05-22 09:33:48,369 [INFO] CDX offset=4,395,000 | rel=988,868 skp=3,411,132
2026-05-22 09:35:45,998 [INFO]   → output/relevant_2002-2010_003.csv
2026-05-22 09:35:46,118 [INFO] CDX offset=4,445,000 | rel=1,000,878 skp=3,449,122
2026-05-22 09:38:32,192 [WARNING]   Retry 1: 504 Server Error: Gateway Time-out for url: http://web.archive.org/cdx/search/cdx?url=press.sk/*&output=json&fl=original,timestamp,statuscode&filter=statuscode:200&from=20020101&to=20101231&limit=5000&offset=4495000 — čakám 60s
2026-05-22 09:39:36,276 [INFO] CDX offset=4,495,000 | rel=1,012,888 skp=3,487,112
2026-05-22 09:41:30,602 [INFO]   → output/skipped_2002-2010_008.csv
2026-05-22 09:42:52,220 [INFO] CDX offset=4,545,000 | rel=1,024,898 skp=3,525,102
2026-05-22 09:45:30,282 [INFO] CDX offset=4,595,000 | rel=1,036,908 skp=3,563,092
2026-05-22 09:47:58,430 [INFO] CDX offset=4,645,000 | rel=1,048,918 skp=3,601,082
2026-05-22 09:49:41,825 [WARNING]   Retry 1: 504 Server Error: Gateway Time-out for url: http://web.archive.org/cdx/search/cdx?url=press.sk/*&output=json&fl=original,timestamp,statuscode&filter=statuscode:200&from=20020101&to=20101231&limit=5000&offset=4670000 — čakám 60s
2026-05-22 09:51:26,277 [INFO] CDX offset=4,695,000 | rel=1,060,928 skp=3,639,072
2026-05-22 09:53:56,620 [INFO] CDX offset=4,745,000 | rel=1,072,938 skp=3,677,062
2026-05-22 09:56:38,176 [INFO] CDX offset=4,795,000 | rel=1,084,948 skp=3,715,052
2026-05-22 09:58:05,958 [INFO] CDX offset=4,845,000 | rel=1,096,958 skp=3,753,042
2026-05-22 10:00:44,680 [INFO] CDX offset=4,895,000 | rel=1,108,968 skp=3,791,032
2026-05-22 10:02:46,583 [INFO] CDX offset=4,945,000 | rel=1,120,978 skp=3,829,022
2026-05-22 10:04:31,965 [INFO] CDX offset=4,995,000 | rel=1,132,988 skp=3,867,012
2026-05-22 10:06:38,486 [INFO] CDX offset=5,045,000 | rel=1,144,998 skp=3,905,002
2026-05-22 10:07:40,457 [INFO] CDX offset=5,095,000 | rel=1,157,008 skp=3,942,992
2026-05-22 10:09:35,237 [INFO] CDX offset=5,145,000 | rel=1,169,018 skp=3,980,982
2026-05-22 10:10:40,059 [INFO]   → output/skipped_2002-2010_009.csv
2026-05-22 10:11:31,441 [INFO] CDX offset=5,195,000 | rel=1,181,028 skp=4,018,972
2026-05-22 10:14:39,020 [INFO] CDX offset=5,245,000 | rel=1,193,038 skp=4,056,962
2026-05-22 10:17:01,725 [INFO] CDX offset=5,295,000 | rel=1,205,048 skp=4,094,952
2026-05-22 10:20:05,120 [INFO] CDX offset=5,345,000 | rel=1,217,058 skp=4,132,942
2026-05-22 10:22:07,410 [INFO] CDX offset=5,395,000 | rel=1,229,068 skp=4,170,932
2026-05-22 10:24:46,858 [INFO] CDX offset=5,445,000 | rel=1,241,078 skp=4,208,922
2026-05-22 10:26:35,507 [INFO] CDX offset=5,495,000 | rel=1,253,088 skp=4,246,912
2026-05-22 10:29:40,452 [INFO] CDX offset=5,545,000 | rel=1,265,098 skp=4,284,902
2026-05-22 10:31:58,879 [INFO] CDX offset=5,595,000 | rel=1,277,108 skp=4,322,892
2026-05-22 10:34:48,643 [INFO] CDX offset=5,645,000 | rel=1,289,118 skp=4,360,882
2026-05-22 10:37:01,834 [INFO] CDX offset=5,695,000 | rel=1,301,128 skp=4,398,872
2026-05-22 10:39:45,095 [INFO] CDX offset=5,745,000 | rel=1,313,138 skp=4,436,862
2026-05-22 10:41:53,783 [INFO] CDX offset=5,795,000 | rel=1,325,148 skp=4,474,852
2026-05-22 10:43:28,393 [INFO]   → output/skipped_2002-2010_010.csv
2026-05-22 10:44:17,168 [INFO] CDX offset=5,845,000 | rel=1,337,158 skp=4,512,842
2026-05-22 10:46:15,075 [INFO] CDX offset=5,895,000 | rel=1,349,168 skp=4,550,832
2026-05-22 10:47:40,348 [INFO] CDX offset=5,945,000 | rel=1,361,178 skp=4,588,822
2026-05-22 10:49:53,281 [INFO] CDX offset=5,995,000 | rel=1,373,188 skp=4,626,812
2026-05-22 10:51:16,125 [WARNING]   Retry 1: 504 Server Error: Gateway Time-out for url: http://web.archive.org/cdx/search/cdx?url=press.sk/*&output=json&fl=original,timestamp,statuscode&filter=statuscode:200&from=20020101&to=20101231&limit=5000&offset=6020000 — čakám 60s
2026-05-22 10:53:20,399 [INFO] CDX offset=6,045,000 | rel=1,385,198 skp=4,664,802
2026-05-22 10:55:30,966 [INFO] CDX offset=6,095,000 | rel=1,397,208 skp=4,702,792
2026-05-22 10:57:15,511 [INFO] CDX offset=6,145,000 | rel=1,409,218 skp=4,740,782
2026-05-22 10:58:59,767 [INFO] CDX offset=6,195,000 | rel=1,421,228 skp=4,778,772
2026-05-22 11:01:30,521 [INFO] CDX offset=6,245,000 | rel=1,433,238 skp=4,816,762
2026-05-22 11:02:45,633 [INFO] CDX offset=6,295,000 | rel=1,445,248 skp=4,854,752
2026-05-22 11:04:45,533 [WARNING]   Retry 1: 504 Server Error: Gateway Time-out for url: http://web.archive.org/cdx/search/cdx?url=press.sk/*&output=json&fl=original,timestamp,statuscode&filter=statuscode:200&from=20020101&to=20101231&limit=5000&offset=6315000 — čakám 60s
2026-05-22 11:06:42,382 [INFO] CDX offset=6,345,000 | rel=1,457,258 skp=4,892,742
2026-05-22 11:09:09,313 [INFO] CDX offset=6,395,000 | rel=1,469,268 skp=4,930,732
2026-05-22 11:11:11,895 [INFO] CDX offset=6,445,000 | rel=1,481,278 skp=4,968,722
2026-05-22 11:13:17,327 [INFO]   → output/skipped_2002-2010_011.csv
2026-05-22 11:13:23,694 [INFO] CDX offset=6,495,000 | rel=1,493,288 skp=5,006,712
2026-05-22 11:14:41,261 [INFO]   → output/relevant_2002-2010_004.csv
2026-05-22 11:16:20,487 [WARNING]   Prázdna odpoveď pri offset=6545000, preskakujem
2026-05-22 11:16:35,679 [INFO] CDX offset=6,550,000 | rel=1,505,298 skp=5,044,702
2026-05-22 11:19:01,133 [WARNING]   Retry 1: 504 Server Error: Gateway Time-out for url: http://web.archive.org/cdx/search/cdx?url=press.sk/*&output=json&fl=original,timestamp,statuscode&filter=statuscode:200&from=20020101&to=20101231&limit=5000&offset=6580000 — čakám 60s
2026-05-22 11:22:32,643 [INFO] CDX offset=6,600,000 | rel=1,517,308 skp=5,082,692
2026-05-22 11:25:54,470 [WARNING]   Retry 1: 504 Server Error: Gateway Time-out for url: http://web.archive.org/cdx/search/cdx?url=press.sk/*&output=json&fl=original,timestamp,statuscode&filter=statuscode:200&from=20020101&to=20101231&limit=5000&offset=6650000 — čakám 60s
2026-05-22 11:26:57,623 [INFO] CDX offset=6,650,000 | rel=1,529,318 skp=5,120,682
2026-05-22 11:30:05,511 [INFO] CDX offset=6,700,000 | rel=1,541,328 skp=5,158,672
2026-05-22 11:31:23,112 [INFO] CDX offset=6,750,000 | rel=1,553,338 skp=5,196,662
2026-05-22 11:33:49,882 [INFO] CDX offset=6,800,000 | rel=1,565,348 skp=5,234,652
2026-05-22 11:35:41,124 [INFO] CDX offset=6,850,000 | rel=1,577,358 skp=5,272,642
2026-05-22 11:39:24,908 [WARNING]   Retry 1: 504 Server Error: Gateway Time-out for url: http://web.archive.org/cdx/search/cdx?url=press.sk/*&output=json&fl=original,timestamp,statuscode&filter=statuscode:200&from=20020101&to=20101231&limit=5000&offset=6895000 — čakám 60s
2026-05-22 11:40:39,429 [INFO] CDX offset=6,900,000 | rel=1,589,368 skp=5,310,632
2026-05-22 11:41:57,110 [INFO] CDX offset=6,950,000 | rel=1,601,378 skp=5,348,622
2026-05-22 11:43:59,145 [INFO] CDX offset=7,000,000 | rel=1,613,388 skp=5,386,612
2026-05-22 11:45:54,434 [INFO] CDX offset=7,050,000 | rel=1,625,398 skp=5,424,602
2026-05-22 11:48:51,567 [INFO] CDX offset=7,100,000 | rel=1,637,408 skp=5,462,592
2026-05-22 11:51:36,409 [INFO]   → output/skipped_2002-2010_012.csv
2026-05-22 11:51:36,441 [INFO] CDX offset=7,150,000 | rel=1,649,418 skp=5,500,582
2026-05-22 11:54:49,490 [INFO] CDX offset=7,200,000 | rel=1,661,428 skp=5,538,572
2026-05-22 11:57:32,486 [INFO] CDX offset=7,250,000 | rel=1,673,438 skp=5,576,562
2026-05-22 11:59:15,432 [INFO] CDX offset=7,300,000 | rel=1,685,448 skp=5,614,552
2026-05-22 12:02:10,831 [INFO] CDX offset=7,350,000 | rel=1,697,458 skp=5,652,542
2026-05-22 12:04:40,153 [INFO] CDX offset=7,400,000 | rel=1,709,468 skp=5,690,532
2026-05-22 12:05:43,201 [WARNING]   Retry 1: 504 Server Error: Gateway Time-out for url: http://web.archive.org/cdx/search/cdx?url=press.sk/*&output=json&fl=original,timestamp,statuscode&filter=statuscode:200&from=20020101&to=20101231&limit=5000&offset=7405000 — čakám 60s
2026-05-22 12:09:02,535 [INFO] CDX offset=7,450,000 | rel=1,721,478 skp=5,728,522
2026-05-22 12:11:42,880 [INFO] CDX offset=7,500,000 | rel=1,733,488 skp=5,766,512
2026-05-22 12:14:25,992 [INFO] CDX offset=7,550,000 | rel=1,745,498 skp=5,804,502
2026-05-22 12:16:10,537 [INFO] CDX offset=7,600,000 | rel=1,757,508 skp=5,842,492
2026-05-22 12:18:26,140 [INFO] CDX offset=7,650,000 | rel=1,769,518 skp=5,880,482
2026-05-22 12:20:38,054 [INFO] CDX offset=7,700,000 | rel=1,781,528 skp=5,918,472
2026-05-22 12:21:42,782 [INFO] CDX offset=7,750,000 | rel=1,793,538 skp=5,956,462
