2026-05-24 11:36:12,706 [INFO] Obdobie: 20080101 → 20080930  (súbory: *_20080101-20080930_*.csv)
2026-05-24 11:36:12,707 [INFO]   → output/relevant_20080101-20080930_001.csv
2026-05-24 11:36:12,707 [INFO]   → output/skipped_20080101-20080930_001.csv
2026-05-24 11:36:12,707 [INFO] Sťahujem CDX a triedim...
2026-05-24 11:37:12,805 [WARNING]   Retry 1: 504 Server Error: Gateway Time-out for url: http://web.archive.org/cdx/search/cdx?url=press.sk/*&output=json&fl=original,timestamp,statuscode&filter=statuscode:200&from=20080101&to=20080930&limit=5000&offset=0 — čakám 60s
2026-05-24 11:40:03,299 [WARNING]   Retry 1: 504 Server Error: Gateway Time-out for url: http://web.archive.org/cdx/search/cdx?url=press.sk/*&output=json&fl=original,timestamp,statuscode&filter=statuscode:200&from=20080101&to=20080930&limit=5000&offset=15000 — čakám 60s
2026-05-24 11:43:40,996 [WARNING]   Retry 1: 503 Server Error: Service Unavailable for url: http://web.archive.org/cdx/search/cdx?url=press.sk/*&output=json&fl=original,timestamp,statuscode&filter=statuscode:200&from=20080101&to=20080930&limit=5000&offset=45000 — čakám 60s
2026-05-24 11:45:02,484 [INFO] CDX offset=45,000 | rel=500 skp=49,500
2026-05-24 11:45:12,509 [WARNING]   Retry 1: 503 Server Error: Service Unavailable for url: http://web.archive.org/cdx/search/cdx?url=press.sk/*&output=json&fl=original,timestamp,statuscode&filter=statuscode:200&from=20080101&to=20080930&limit=5000&offset=50000 — čakám 60s
2026-05-24 11:46:17,533 [WARNING]   Retry 2: 503 Server Error: Service Unavailable for url: http://web.archive.org/cdx/search/cdx?url=press.sk/*&output=json&fl=original,timestamp,statuscode&filter=statuscode:200&from=20080101&to=20080930&limit=5000&offset=50000 — čakám 120s
2026-05-24 11:50:38,166 [WARNING]   Retry 1: 503 Server Error: Service Unavailable for url: http://web.archive.org/cdx/search/cdx?url=press.sk/*&output=json&fl=original,timestamp,statuscode&filter=statuscode:200&from=20080101&to=20080930&limit=5000&offset=80000 — čakám 60s
2026-05-24 11:52:48,226 [WARNING]   Retry 1: 504 Server Error: Gateway Time-out for url: http://web.archive.org/cdx/search/cdx?url=press.sk/*&output=json&fl=original,timestamp,statuscode&filter=statuscode:200&from=20080101&to=20080930&limit=5000&offset=85000 — čakám 60s
2026-05-24 11:55:34,099 [INFO] CDX offset=95,000 | rel=1,000 skp=99,000
2026-05-24 11:59:05,341 [INFO] CDX offset=145,000 | rel=1,500 skp=148,500
2026-05-24 12:01:01,738 [INFO] CDX offset=195,000 | rel=2,000 skp=198,000
2026-05-24 12:02:47,501 [INFO] CDX offset=245,000 | rel=2,500 skp=247,500
2026-05-24 12:04:55,819 [INFO] CDX offset=295,000 | rel=3,000 skp=297,000
2026-05-24 12:07:24,736 [INFO] CDX offset=345,000 | rel=3,500 skp=346,500
2026-05-24 12:11:14,451 [INFO] CDX offset=395,000 | rel=4,000 skp=396,000
2026-05-24 12:14:24,274 [INFO] CDX offset=445,000 | rel=4,500 skp=445,500
2026-05-24 12:14:44,253 [INFO]   → output/skipped_20080101-20080930_002.csv
2026-05-24 12:17:06,860 [INFO] CDX offset=495,000 | rel=5,000 skp=495,000
2026-05-24 12:20:10,099 [INFO] CDX offset=545,000 | rel=5,500 skp=544,500
2026-05-24 12:22:19,826 [INFO] CDX offset=595,000 | rel=6,000 skp=594,000
2026-05-24 12:23:47,686 [INFO] CDX offset=645,000 | rel=6,500 skp=643,500
2026-05-24 12:26:06,252 [INFO] CDX offset=695,000 | rel=7,000 skp=693,000
2026-05-24 12:27:26,758 [WARNING]   Retry 1: 504 Server Error: Gateway Time-out for url: http://web.archive.org/cdx/search/cdx?url=press.sk/*&output=json&fl=original,timestamp,statuscode&filter=statuscode:200&from=20080101&to=20080930&limit=5000&offset=705000 — čakám 60s
2026-05-24 12:31:05,055 [WARNING]   Retry 1: 504 Server Error: Gateway Time-out for url: http://web.archive.org/cdx/search/cdx?url=press.sk/*&output=json&fl=original,timestamp,statuscode&filter=statuscode:200&from=20080101&to=20080930&limit=5000&offset=745000 — čakám 60s
2026-05-24 12:32:11,702 [INFO] CDX offset=745,000 | rel=7,500 skp=742,500
2026-05-24 12:34:10,218 [INFO] CDX offset=795,000 | rel=8,000 skp=792,000
2026-05-24 12:37:05,916 [INFO] CDX offset=845,000 | rel=8,500 skp=841,500
2026-05-24 12:39:22,458 [INFO] CDX offset=895,000 | rel=9,000 skp=891,000
2026-05-24 12:39:44,437 [INFO]   → output/skipped_20080101-20080930_003.csv
2026-05-24 12:41:26,736 [INFO] CDX offset=945,000 | rel=9,500 skp=940,500
2026-05-24 12:43:42,118 [INFO] CDX offset=995,000 | rel=10,000 skp=990,000
2026-05-24 12:46:20,077 [INFO] CDX offset=1,045,000 | rel=10,500 skp=1,039,500
2026-05-24 12:48:38,628 [INFO] CDX offset=1,095,000 | rel=11,000 skp=1,089,000
2026-05-24 12:50:50,075 [INFO] CDX offset=1,145,000 | rel=11,500 skp=1,138,500
2026-05-24 12:53:50,255 [INFO] CDX offset=1,195,000 | rel=12,000 skp=1,188,000
2026-05-24 12:57:11,687 [INFO] CDX offset=1,245,000 | rel=12,500 skp=1,237,500
2026-05-24 12:59:34,639 [INFO] CDX offset=1,295,000 | rel=13,000 skp=1,287,000
2026-05-24 13:01:46,952 [WARNING]   Retry 1: 503 Server Error: Service Unavailable for url: http://web.archive.org/cdx/search/cdx?url=press.sk/*&output=json&fl=original,timestamp,statuscode&filter=statuscode:200&from=20080101&to=20080930&limit=5000&offset=1330000 — čakám 60s
2026-05-24 13:02:51,995 [WARNING]   Retry 2: 503 Server Error: Service Unavailable for url: http://web.archive.org/cdx/search/cdx?url=press.sk/*&output=json&fl=original,timestamp,statuscode&filter=statuscode:200&from=20080101&to=20080930&limit=5000&offset=1330000 — čakám 120s
2026-05-24 13:06:47,091 [INFO] CDX offset=1,345,000 | rel=13,500 skp=1,336,500
2026-05-24 13:08:38,656 [WARNING]   Retry 1: 503 Server Error: Service Unavailable for url: http://web.archive.org/cdx/search/cdx?url=press.sk/*&output=json&fl=original,timestamp,statuscode&filter=statuscode:200&from=20080101&to=20080930&limit=5000&offset=1360000 — čakám 60s
2026-05-24 13:10:02,464 [INFO]   → output/skipped_20080101-20080930_004.csv
2026-05-24 13:13:44,042 [INFO] CDX offset=1,395,000 | rel=14,000 skp=1,386,000
2026-05-24 13:14:49,065 [WARNING]   Retry 1: 504 Server Error: Gateway Time-out for url: http://web.archive.org/cdx/search/cdx?url=press.sk/*&output=json&fl=original,timestamp,statuscode&filter=statuscode:200&from=20080101&to=20080930&limit=5000&offset=1400000 — čakám 60s
2026-05-24 13:20:09,720 [INFO] CDX offset=1,445,000 | rel=14,500 skp=1,435,500
2026-05-24 13:23:57,538 [INFO] CDX offset=1,495,000 | rel=15,000 skp=1,485,000
2026-05-24 13:26:04,650 [WARNING]   Retry 1: 504 Server Error: Gateway Time-out for url: http://web.archive.org/cdx/search/cdx?url=press.sk/*&output=json&fl=original,timestamp,statuscode&filter=statuscode:200&from=20080101&to=20080930&limit=5000&offset=1520000 — čakám 60s
2026-05-24 13:28:04,661 [WARNING]   Retry 2: 504 Server Error: Gateway Time-out for url: http://web.archive.org/cdx/search/cdx?url=press.sk/*&output=json&fl=original,timestamp,statuscode&filter=statuscode:200&from=20080101&to=20080930&limit=5000&offset=1520000 — čakám 120s
2026-05-24 13:30:57,855 [INFO] CDX offset=1,545,000 | rel=15,500 skp=1,534,500
2026-05-24 13:32:58,515 [INFO] CDX offset=1,595,000 | rel=16,000 skp=1,584,000
2026-05-24 13:34:37,803 [INFO] CDX offset=1,645,000 | rel=16,500 skp=1,633,500
2026-05-24 13:35:52,397 [INFO] CDX offset=1,695,000 | rel=17,000 skp=1,683,000
2026-05-24 13:37:35,574 [INFO] CDX offset=1,745,000 | rel=17,500 skp=1,732,500
2026-05-24 13:39:19,409 [INFO] CDX offset=1,795,000 | rel=18,000 skp=1,782,000
2026-05-24 13:39:57,543 [INFO]   → output/skipped_20080101-20080930_005.csv
2026-05-24 13:41:16,361 [INFO] CDX offset=1,845,000 | rel=18,500 skp=1,831,500
2026-05-24 13:43:14,531 [INFO] CDX offset=1,895,000 | rel=19,000 skp=1,881,000
2026-05-24 13:45:15,468 [INFO] CDX offset=1,945,000 | rel=19,500 skp=1,930,500
2026-05-24 13:47:12,096 [INFO] CDX offset=1,995,000 | rel=20,000 skp=1,980,000
2026-05-24 13:49:07,366 [INFO] CDX offset=2,045,000 | rel=20,500 skp=2,029,500
2026-05-24 13:50:57,661 [INFO] CDX offset=2,095,000 | rel=21,000 skp=2,079,000
2026-05-24 13:52:48,854 [INFO] CDX offset=2,145,000 | rel=21,500 skp=2,128,500
2026-05-24 13:54:45,876 [INFO] CDX offset=2,195,000 | rel=22,000 skp=2,178,000
2026-05-24 13:57:13,367 [INFO] CDX offset=2,245,000 | rel=22,500 skp=2,227,500
2026-05-24 13:58:20,621 [INFO]   → output/skipped_20080101-20080930_006.csv
2026-05-24 13:59:18,805 [INFO] CDX offset=2,295,000 | rel=23,000 skp=2,277,000
2026-05-24 14:01:15,707 [INFO] CDX offset=2,345,000 | rel=23,500 skp=2,326,500
2026-05-24 14:03:28,475 [INFO] CDX offset=2,395,000 | rel=24,000 skp=2,376,000
2026-05-24 14:05:25,602 [INFO] CDX offset=2,445,000 | rel=24,500 skp=2,425,500
2026-05-24 14:07:24,886 [INFO] CDX offset=2,495,000 | rel=25,000 skp=2,475,000
2026-05-24 14:10:34,483 [INFO] CDX offset=2,545,000 | rel=25,500 skp=2,524,500
2026-05-24 14:12:33,586 [INFO] CDX offset=2,595,000 | rel=26,000 skp=2,574,000
2026-05-24 14:15:11,470 [INFO] CDX offset=2,645,000 | rel=26,500 skp=2,623,500
2026-05-24 14:17:32,666 [INFO] CDX offset=2,695,000 | rel=27,000 skp=2,673,000
2026-05-24 14:18:48,802 [INFO]   → output/skipped_20080101-20080930_007.csv
2026-05-24 14:19:26,663 [INFO] CDX offset=2,745,000 | rel=27,500 skp=2,722,500
2026-05-24 14:21:52,763 [INFO] CDX offset=2,795,000 | rel=28,000 skp=2,772,000
2026-05-24 14:23:36,287 [INFO] CDX offset=2,845,000 | rel=28,500 skp=2,821,500
2026-05-24 14:25:04,516 [INFO] CDX offset=2,895,000 | rel=29,000 skp=2,871,000
2026-05-24 14:26:58,510 [INFO] CDX offset=2,945,000 | rel=29,500 skp=2,920,500
2026-05-24 14:29:22,244 [INFO] CDX offset=2,995,000 | rel=30,000 skp=2,970,000
2026-05-24 14:31:34,151 [INFO] CDX offset=3,045,000 | rel=30,500 skp=3,019,500
2026-05-24 14:33:41,544 [INFO] CDX offset=3,095,000 | rel=31,000 skp=3,069,000
2026-05-24 14:36:00,441 [INFO] CDX offset=3,145,000 | rel=31,500 skp=3,118,500
2026-05-24 14:37:28,613 [INFO]   → output/skipped_20080101-20080930_008.csv
2026-05-24 14:38:14,900 [INFO] CDX offset=3,195,000 | rel=32,000 skp=3,168,000
2026-05-24 14:41:03,136 [INFO] CDX offset=3,245,000 | rel=32,500 skp=3,217,500
2026-05-24 14:44:03,325 [INFO] CDX offset=3,295,000 | rel=33,000 skp=3,267,000
2026-05-24 14:46:38,988 [INFO] CDX offset=3,345,000 | rel=33,500 skp=3,316,500
2026-05-24 14:48:55,511 [INFO] CDX offset=3,395,000 | rel=34,000 skp=3,366,000
2026-05-24 14:50:44,557 [INFO] CDX offset=3,445,000 | rel=34,500 skp=3,415,500
2026-05-24 14:52:25,448 [INFO] CDX offset=3,495,000 | rel=35,000 skp=3,465,000
2026-05-24 14:54:44,962 [INFO] CDX offset=3,545,000 | rel=35,500 skp=3,514,500
2026-05-24 14:56:59,282 [INFO] CDX offset=3,595,000 | rel=36,000 skp=3,564,000
2026-05-24 14:58:17,708 [WARNING]   Retry 1: 504 Server Error: Gateway Time-out for url: http://web.archive.org/cdx/search/cdx?url=press.sk/*&output=json&fl=original,timestamp,statuscode&filter=statuscode:200&from=20080101&to=20080930&limit=5000&offset=3605000 — čakám 60s
2026-05-24 15:01:42,457 [INFO]   → output/skipped_20080101-20080930_009.csv
2026-05-24 15:02:08,382 [INFO] CDX offset=3,645,000 | rel=36,500 skp=3,613,500
2026-05-24 15:04:00,646 [INFO] CDX offset=3,695,000 | rel=37,000 skp=3,663,000
2026-05-24 15:05:35,212 [INFO] CDX offset=3,745,000 | rel=37,500 skp=3,712,500
2026-05-24 15:07:47,124 [INFO] CDX offset=3,795,000 | rel=38,000 skp=3,762,000
2026-05-24 15:09:24,844 [INFO] CDX offset=3,845,000 | rel=38,500 skp=3,811,500
2026-05-24 15:12:02,858 [INFO] CDX offset=3,895,000 | rel=39,000 skp=3,861,000
2026-05-24 15:14:11,582 [INFO] CDX offset=3,945,000 | rel=39,500 skp=3,910,500
2026-05-24 15:16:35,391 [INFO] CDX offset=3,995,000 | rel=40,000 skp=3,960,000
2026-05-24 15:18:37,686 [INFO] CDX offset=4,045,000 | rel=40,500 skp=4,009,500
2026-05-24 15:20:36,070 [INFO]   → output/skipped_20080101-20080930_010.csv
2026-05-24 15:20:52,947 [INFO] CDX offset=4,095,000 | rel=41,000 skp=4,059,000
2026-05-24 15:22:46,671 [INFO] CDX offset=4,145,000 | rel=41,500 skp=4,108,500
2026-05-24 15:25:56,826 [INFO] CDX offset=4,195,000 | rel=42,000 skp=4,158,000
2026-05-24 15:28:09,045 [INFO] CDX offset=4,245,000 | rel=42,500 skp=4,207,500
2026-05-24 15:30:35,156 [WARNING]   Retry 1: 504 Server Error: Gateway Time-out for url: http://web.archive.org/cdx/search/cdx?url=press.sk/*&output=json&fl=original,timestamp,statuscode&filter=statuscode:200&from=20080101&to=20080930&limit=5000&offset=4285000 — čakám 60s
2026-05-24 15:32:08,499 [INFO] CDX offset=4,295,000 | rel=43,000 skp=4,257,000
2026-05-24 15:34:38,880 [INFO] CDX offset=4,345,000 | rel=43,500 skp=4,306,500
2026-05-24 15:36:35,825 [INFO] CDX offset=4,395,000 | rel=44,000 skp=4,356,000
2026-05-24 15:38:40,494 [INFO] CDX offset=4,445,000 | rel=44,500 skp=4,405,500
2026-05-24 15:40:59,980 [INFO] CDX offset=4,495,000 | rel=45,000 skp=4,455,000
2026-05-24 15:42:49,527 [WARNING]   Retry 1: 504 Server Error: Gateway Time-out for url: http://web.archive.org/cdx/search/cdx?url=press.sk/*&output=json&fl=original,timestamp,statuscode&filter=statuscode:200&from=20080101&to=20080930&limit=5000&offset=4510000 — čakám 60s
2026-05-24 15:45:23,688 [INFO]   → output/skipped_20080101-20080930_011.csv
2026-05-24 15:45:23,880 [INFO] CDX offset=4,545,000 | rel=45,500 skp=4,504,500
2026-05-24 15:47:20,032 [INFO] CDX offset=4,595,000 | rel=46,000 skp=4,554,000
2026-05-24 15:49:12,137 [INFO] CDX offset=4,645,000 | rel=46,500 skp=4,603,500
2026-05-24 15:51:02,424 [INFO] CDX offset=4,695,000 | rel=47,000 skp=4,653,000
2026-05-24 15:52:53,278 [INFO] CDX offset=4,745,000 | rel=47,500 skp=4,702,500
2026-05-24 15:55:07,105 [INFO] CDX offset=4,795,000 | rel=48,000 skp=4,752,000
2026-05-24 15:57:47,834 [INFO] CDX offset=4,845,000 | rel=48,500 skp=4,801,500
2026-05-24 15:59:49,673 [INFO] CDX offset=4,895,000 | rel=49,000 skp=4,851,000
2026-05-24 16:03:09,827 [INFO] CDX offset=4,945,000 | rel=49,500 skp=4,900,500
2026-05-24 16:04:47,294 [INFO] CDX offset=4,995,000 | rel=50,000 skp=4,950,000
2026-05-24 16:05:18,667 [INFO]   → output/skipped_20080101-20080930_012.csv
2026-05-24 16:07:05,342 [INFO] CDX offset=5,045,000 | rel=50,500 skp=4,999,500
2026-05-24 16:09:23,194 [INFO] CDX offset=5,095,000 | rel=51,000 skp=5,049,000
2026-05-24 16:11:04,000 [INFO] CDX offset=5,145,000 | rel=51,500 skp=5,098,500
2026-05-24 16:12:54,485 [INFO] CDX offset=5,195,000 | rel=52,000 skp=5,148,000
2026-05-24 16:14:51,205 [INFO] CDX offset=5,245,000 | rel=52,500 skp=5,197,500
2026-05-24 16:16:37,108 [INFO] CDX offset=5,295,000 | rel=53,000 skp=5,247,000
2026-05-24 16:18:18,777 [INFO] CDX offset=5,345,000 | rel=53,500 skp=5,296,500
2026-05-24 16:21:42,246 [INFO] CDX offset=5,395,000 | rel=54,000 skp=5,346,000
2026-05-24 16:24:03,696 [INFO] CDX offset=5,445,000 | rel=54,500 skp=5,395,500
2026-05-24 16:24:19,110 [INFO]   → output/skipped_20080101-20080930_013.csv
2026-05-24 16:25:38,035 [INFO] CDX offset=5,495,000 | rel=55,000 skp=5,445,000
2026-05-24 16:27:27,911 [INFO] CDX offset=5,545,000 | rel=55,500 skp=5,494,500
2026-05-24 16:29:52,558 [INFO] CDX offset=5,595,000 | rel=56,000 skp=5,544,000
2026-05-24 16:31:21,352 [INFO] CDX offset=5,645,000 | rel=56,500 skp=5,593,500
2026-05-24 16:32:44,977 [INFO] CDX offset=5,695,000 | rel=57,000 skp=5,643,000
2026-05-24 16:34:27,726 [INFO] CDX offset=5,745,000 | rel=57,500 skp=5,692,500
2026-05-24 16:36:18,610 [INFO] CDX offset=5,795,000 | rel=58,000 skp=5,742,000
2026-05-24 16:37:56,023 [INFO] CDX offset=5,845,000 | rel=58,500 skp=5,791,500
2026-05-24 16:39:19,409 [INFO] CDX offset=5,895,000 | rel=59,000 skp=5,841,000
2026-05-24 16:39:46,485 [INFO]   → output/skipped_20080101-20080930_014.csv
2026-05-24 16:41:21,737 [INFO] CDX offset=5,945,000 | rel=59,500 skp=5,890,500
2026-05-24 16:43:42,010 [WARNING]   Retry 1: 504 Server Error: Gateway Time-out for url: http://web.archive.org/cdx/search/cdx?url=press.sk/*&output=json&fl=original,timestamp,statuscode&filter=statuscode:200&from=20080101&to=20080930&limit=5000&offset=5995000 — čakám 60s
2026-05-24 16:44:59,349 [INFO] CDX offset=5,995,000 | rel=60,000 skp=5,940,000
2026-05-24 16:46:48,384 [INFO] CDX offset=6,045,000 | rel=60,500 skp=5,989,500
2026-05-24 16:48:46,317 [INFO] CDX offset=6,095,000 | rel=61,000 skp=6,039,000
2026-05-24 16:50:21,543 [INFO] CDX offset=6,145,000 | rel=61,500 skp=6,088,500
2026-05-24 16:52:24,408 [INFO] CDX offset=6,195,000 | rel=62,000 skp=6,138,000
2026-05-24 16:54:32,703 [INFO] CDX offset=6,245,000 | rel=62,500 skp=6,187,500
2026-05-24 16:56:49,496 [INFO] CDX offset=6,295,000 | rel=63,000 skp=6,237,000
2026-05-24 16:59:31,773 [WARNING]   Retry 1: 504 Server Error: Gateway Time-out for url: http://web.archive.org/cdx/search/cdx?url=press.sk/*&output=json&fl=original,timestamp,statuscode&filter=statuscode:200&from=20080101&to=20080930&limit=5000&offset=6340000 — čakám 60s
2026-05-24 17:00:55,069 [INFO] CDX offset=6,345,000 | rel=63,500 skp=6,286,500
2026-05-24 17:01:14,626 [INFO]   → output/skipped_20080101-20080930_015.csv
2026-05-24 17:02:55,358 [INFO] CDX offset=6,395,000 | rel=64,000 skp=6,336,000
2026-05-24 17:05:00,896 [INFO] CDX offset=6,445,000 | rel=64,500 skp=6,385,500
2026-05-24 17:07:37,358 [INFO] CDX offset=6,495,000 | rel=65,000 skp=6,435,000
2026-05-24 17:09:28,278 [INFO] CDX offset=6,545,000 | rel=65,500 skp=6,484,500
2026-05-24 17:11:18,083 [INFO] CDX offset=6,595,000 | rel=66,000 skp=6,534,000
2026-05-24 17:12:58,505 [INFO] CDX offset=6,645,000 | rel=66,500 skp=6,583,500
2026-05-24 17:15:04,397 [INFO] CDX offset=6,695,000 | rel=67,000 skp=6,633,000
2026-05-24 17:16:58,782 [INFO] CDX offset=6,745,000 | rel=67,500 skp=6,682,500
2026-05-24 17:19:03,603 [INFO] CDX offset=6,795,000 | rel=68,000 skp=6,732,000
2026-05-24 17:20:00,861 [INFO]   → output/skipped_20080101-20080930_016.csv
2026-05-24 17:21:05,440 [INFO] CDX offset=6,845,000 | rel=68,500 skp=6,781,500
2026-05-24 17:22:46,611 [INFO] CDX offset=6,895,000 | rel=69,000 skp=6,831,000
2026-05-24 17:24:12,965 [INFO] CDX offset=6,945,000 | rel=69,500 skp=6,880,500
2026-05-24 17:25:58,539 [INFO] CDX offset=6,995,000 | rel=70,000 skp=6,930,000
2026-05-24 17:28:34,053 [INFO] CDX offset=7,045,000 | rel=70,500 skp=6,979,500
2026-05-24 17:30:54,417 [INFO] CDX offset=7,095,000 | rel=71,000 skp=7,029,000
2026-05-24 17:32:35,160 [INFO] CDX offset=7,145,000 | rel=71,500 skp=7,078,500
2026-05-24 17:34:18,570 [INFO] CDX offset=7,195,000 | rel=72,000 skp=7,128,000
